// Jest Snapshot v1, https://goo.gl/fbAQLP

exports[`/auth/forgot-password can send forget password email 1`] = `"password reset email sent"`;

exports[`/auth/forgot-password does not send forget password email 1`] = `"Could not find user with email : email_does_not_exist@gmail.com"`;

exports[`/auth/register validates email 1`] = `
Object {
  "code": "badRequest",
  "data": Array [
    Object {
      "field": "email",
      "message": "required validation failed on email",
      "validation": "required",
    },
  ],
}
`;

exports[`/auth/reset-password can reset password 1`] = `"Password reset successfully"`;

exports[`/auth/reset-password does not reset password for wrong token 1`] = `"Invalid Token"`;
